17-10-07 11:58-INFO-Restoring parameters from checkpoint/model.ckpt-114600
17-10-07 11:58-INFO->> loop: 334, total_sample_count: 20040
17-10-07 11:58-INFO->> 2017-10-07 11:58:03.110867 Step 0: true/total: 47/60 precision @ 1 = 0.783
17-10-07 11:58-INFO->> 2017-10-07 11:58:03.256112 Step 1: true/total: 49/60 precision @ 1 = 0.817
17-10-07 11:58-INFO->> 2017-10-07 11:58:03.396679 Step 2: true/total: 49/60 precision @ 1 = 0.817
17-10-07 11:58-INFO->> 2017-10-07 11:58:03.542260 Step 3: true/total: 47/60 precision @ 1 = 0.783
17-10-07 11:58-INFO->> 2017-10-07 11:58:03.691045 Step 4: true/total: 46/60 precision @ 1 = 0.767
17-10-07 11:58-INFO->> 2017-10-07 11:58:03.835058 Step 5: true/total: 50/60 precision @ 1 = 0.833
17-10-07 11:58-INFO->> 2017-10-07 11:58:03.980341 Step 6: true/total: 48/60 precision @ 1 = 0.800
17-10-07 11:58-INFO->> 2017-10-07 11:58:04.122659 Step 7: true/total: 51/60 precision @ 1 = 0.850
17-10-07 11:58-INFO->> 2017-10-07 11:58:04.279367 Step 8: true/total: 45/60 precision @ 1 = 0.750
17-10-07 11:58-INFO->> 2017-10-07 11:58:04.429968 Step 9: true/total: 54/60 precision @ 1 = 0.900
17-10-07 11:58-INFO->> 2017-10-07 11:58:04.581404 Step 10: true/total: 47/60 precision @ 1 = 0.783
17-10-07 11:58-INFO->> 2017-10-07 11:58:04.730295 Step 11: true/total: 51/60 precision @ 1 = 0.850
17-10-07 11:58-INFO->> 2017-10-07 11:58:04.883738 Step 12: true/total: 50/60 precision @ 1 = 0.833
17-10-07 11:58-INFO->> 2017-10-07 11:58:05.032661 Step 13: true/total: 50/60 precision @ 1 = 0.833
17-10-07 11:58-INFO->> 2017-10-07 11:58:05.184189 Step 14: true/total: 48/60 precision @ 1 = 0.800
17-10-07 11:58-INFO->> 2017-10-07 11:58:05.332875 Step 15: true/total: 47/60 precision @ 1 = 0.783
17-10-07 11:58-INFO->> 2017-10-07 11:58:05.486262 Step 16: true/total: 46/60 precision @ 1 = 0.767
17-10-07 11:58-INFO->> 2017-10-07 11:58:05.635919 Step 17: true/total: 45/60 precision @ 1 = 0.750
17-10-07 11:58-INFO->> 2017-10-07 11:58:05.787049 Step 18: true/total: 52/60 precision @ 1 = 0.867
17-10-07 11:58-INFO->> 2017-10-07 11:58:05.939003 Step 19: true/total: 48/60 precision @ 1 = 0.800
17-10-07 11:58-INFO->> 2017-10-07 11:58:06.088934 Step 20: true/total: 45/60 precision @ 1 = 0.750
17-10-07 11:58-INFO->> 2017-10-07 11:58:06.242123 Step 21: true/total: 52/60 precision @ 1 = 0.867
17-10-07 11:58-INFO->> 2017-10-07 11:58:06.392021 Step 22: true/total: 48/60 precision @ 1 = 0.800
17-10-07 11:58-INFO->> 2017-10-07 11:58:06.545733 Step 23: true/total: 42/60 precision @ 1 = 0.700
17-10-07 11:58-INFO->> 2017-10-07 11:58:06.696293 Step 24: true/total: 47/60 precision @ 1 = 0.783
17-10-07 11:58-INFO->> 2017-10-07 11:58:06.844944 Step 25: true/total: 49/60 precision @ 1 = 0.817
17-10-07 11:58-INFO->> 2017-10-07 11:58:06.993526 Step 26: true/total: 51/60 precision @ 1 = 0.850
17-10-07 11:58-INFO->> 2017-10-07 11:58:07.146039 Step 27: true/total: 49/60 precision @ 1 = 0.817
17-10-07 11:58-INFO->> 2017-10-07 11:58:07.295266 Step 28: true/total: 54/60 precision @ 1 = 0.900
17-10-07 11:58-INFO->> 2017-10-07 11:58:07.444835 Step 29: true/total: 46/60 precision @ 1 = 0.767
17-10-07 11:58-INFO->> 2017-10-07 11:58:07.594626 Step 30: true/total: 52/60 precision @ 1 = 0.867
17-10-07 11:58-INFO->> 2017-10-07 11:58:07.753306 Step 31: true/total: 52/60 precision @ 1 = 0.867
17-10-07 11:58-INFO->> 2017-10-07 11:58:07.900434 Step 32: true/total: 45/60 precision @ 1 = 0.750
17-10-07 11:58-INFO->> 2017-10-07 11:58:08.055122 Step 33: true/total: 54/60 precision @ 1 = 0.900
17-10-07 11:58-INFO->> 2017-10-07 11:58:08.204984 Step 34: true/total: 53/60 precision @ 1 = 0.883
17-10-07 11:58-INFO->> 2017-10-07 11:58:08.355973 Step 35: true/total: 47/60 precision @ 1 = 0.783
17-10-07 11:58-INFO->> 2017-10-07 11:58:08.508412 Step 36: true/total: 43/60 precision @ 1 = 0.717
17-10-07 11:58-INFO->> 2017-10-07 11:58:08.661905 Step 37: true/total: 45/60 precision @ 1 = 0.750
17-10-07 11:58-INFO->> 2017-10-07 11:58:08.811149 Step 38: true/total: 51/60 precision @ 1 = 0.850
17-10-07 11:58-INFO->> 2017-10-07 11:58:08.961748 Step 39: true/total: 51/60 precision @ 1 = 0.850
17-10-07 11:58-INFO->> 2017-10-07 11:58:09.110075 Step 40: true/total: 47/60 precision @ 1 = 0.783
17-10-07 11:58-INFO->> 2017-10-07 11:58:09.261127 Step 41: true/total: 46/60 precision @ 1 = 0.767
17-10-07 11:58-INFO->> 2017-10-07 11:58:09.406672 Step 42: true/total: 53/60 precision @ 1 = 0.883
17-10-07 11:58-INFO->> 2017-10-07 11:58:09.554012 Step 43: true/total: 47/60 precision @ 1 = 0.783
17-10-07 11:58-INFO->> 2017-10-07 11:58:09.706225 Step 44: true/total: 53/60 precision @ 1 = 0.883
17-10-07 11:58-INFO->> 2017-10-07 11:58:09.856922 Step 45: true/total: 46/60 precision @ 1 = 0.767
17-10-07 11:58-INFO->> 2017-10-07 11:58:10.009151 Step 46: true/total: 42/60 precision @ 1 = 0.700
17-10-07 11:58-INFO->> 2017-10-07 11:58:10.156174 Step 47: true/total: 52/60 precision @ 1 = 0.867
17-10-07 11:58-INFO->> 2017-10-07 11:58:10.306505 Step 48: true/total: 46/60 precision @ 1 = 0.767
17-10-07 11:58-INFO->> 2017-10-07 11:58:10.458422 Step 49: true/total: 53/60 precision @ 1 = 0.883
17-10-07 11:58-INFO->> 2017-10-07 11:58:10.607533 Step 50: true/total: 45/60 precision @ 1 = 0.750
17-10-07 11:58-INFO->> 2017-10-07 11:58:10.755903 Step 51: true/total: 50/60 precision @ 1 = 0.833
17-10-07 11:58-INFO->> 2017-10-07 11:58:10.912883 Step 52: true/total: 55/60 precision @ 1 = 0.917
17-10-07 11:58-INFO->> 2017-10-07 11:58:11.063820 Step 53: true/total: 47/60 precision @ 1 = 0.783
17-10-07 11:58-INFO->> 2017-10-07 11:58:11.216204 Step 54: true/total: 55/60 precision @ 1 = 0.917
17-10-07 11:58-INFO->> 2017-10-07 11:58:11.364845 Step 55: true/total: 53/60 precision @ 1 = 0.883
17-10-07 11:58-INFO->> 2017-10-07 11:58:11.512899 Step 56: true/total: 48/60 precision @ 1 = 0.800
17-10-07 11:58-INFO->> 2017-10-07 11:58:11.666726 Step 57: true/total: 47/60 precision @ 1 = 0.783
17-10-07 11:58-INFO->> 2017-10-07 11:58:11.816918 Step 58: true/total: 48/60 precision @ 1 = 0.800
17-10-07 11:58-INFO->> 2017-10-07 11:58:11.965377 Step 59: true/total: 51/60 precision @ 1 = 0.850
17-10-07 11:58-INFO->> 2017-10-07 11:58:12.114010 Step 60: true/total: 49/60 precision @ 1 = 0.817
17-10-07 11:58-INFO->> 2017-10-07 11:58:12.261237 Step 61: true/total: 47/60 precision @ 1 = 0.783
17-10-07 11:58-INFO->> 2017-10-07 11:58:12.420156 Step 62: true/total: 42/60 precision @ 1 = 0.700
17-10-07 11:58-INFO->> 2017-10-07 11:58:12.569830 Step 63: true/total: 47/60 precision @ 1 = 0.783
17-10-07 11:58-INFO->> 2017-10-07 11:58:12.717079 Step 64: true/total: 46/60 precision @ 1 = 0.767
17-10-07 11:58-INFO->> 2017-10-07 11:58:12.866359 Step 65: true/total: 49/60 precision @ 1 = 0.817
17-10-07 11:58-INFO->> 2017-10-07 11:58:13.021796 Step 66: true/total: 46/60 precision @ 1 = 0.767
17-10-07 11:58-INFO->> 2017-10-07 11:58:13.170075 Step 67: true/total: 49/60 precision @ 1 = 0.817
17-10-07 11:58-INFO->> 2017-10-07 11:58:13.318146 Step 68: true/total: 52/60 precision @ 1 = 0.867
17-10-07 11:58-INFO->> 2017-10-07 11:58:13.467352 Step 69: true/total: 48/60 precision @ 1 = 0.800
17-10-07 11:58-INFO->> 2017-10-07 11:58:13.617491 Step 70: true/total: 48/60 precision @ 1 = 0.800
17-10-07 11:58-INFO->> 2017-10-07 11:58:13.767008 Step 71: true/total: 50/60 precision @ 1 = 0.833
17-10-07 11:58-INFO->> 2017-10-07 11:58:13.916397 Step 72: true/total: 51/60 precision @ 1 = 0.850
17-10-07 11:58-INFO->> 2017-10-07 11:58:14.072659 Step 73: true/total: 46/60 precision @ 1 = 0.767
17-10-07 11:58-INFO->> 2017-10-07 11:58:14.224380 Step 74: true/total: 46/60 precision @ 1 = 0.767
17-10-07 11:58-INFO->> 2017-10-07 11:58:14.371930 Step 75: true/total: 47/60 precision @ 1 = 0.783
17-10-07 11:58-INFO->> 2017-10-07 11:58:14.519879 Step 76: true/total: 47/60 precision @ 1 = 0.783
17-10-07 11:58-INFO->> 2017-10-07 11:58:14.668627 Step 77: true/total: 49/60 precision @ 1 = 0.817
17-10-07 11:58-INFO->> 2017-10-07 11:58:14.817810 Step 78: true/total: 50/60 precision @ 1 = 0.833
17-10-07 11:58-INFO->> 2017-10-07 11:58:14.966552 Step 79: true/total: 54/60 precision @ 1 = 0.900
17-10-07 11:58-INFO->> 2017-10-07 11:58:15.114912 Step 80: true/total: 50/60 precision @ 1 = 0.833
17-10-07 11:58-INFO->> 2017-10-07 11:58:15.266912 Step 81: true/total: 46/60 precision @ 1 = 0.767
17-10-07 11:58-INFO->> 2017-10-07 11:58:15.416290 Step 82: true/total: 54/60 precision @ 1 = 0.900
17-10-07 11:58-INFO->> 2017-10-07 11:58:15.563654 Step 83: true/total: 45/60 precision @ 1 = 0.750
17-10-07 11:58-INFO->> 2017-10-07 11:58:15.711825 Step 84: true/total: 45/60 precision @ 1 = 0.750
17-10-07 11:58-INFO->> 2017-10-07 11:58:15.860755 Step 85: true/total: 45/60 precision @ 1 = 0.750
17-10-07 11:58-INFO->> 2017-10-07 11:58:16.011912 Step 86: true/total: 46/60 precision @ 1 = 0.767
17-10-07 11:58-INFO->> 2017-10-07 11:58:16.161328 Step 87: true/total: 49/60 precision @ 1 = 0.817
17-10-07 11:58-INFO->> 2017-10-07 11:58:16.314672 Step 88: true/total: 50/60 precision @ 1 = 0.833
17-10-07 11:58-INFO->> 2017-10-07 11:58:16.465088 Step 89: true/total: 53/60 precision @ 1 = 0.883
17-10-07 11:58-INFO->> 2017-10-07 11:58:16.616184 Step 90: true/total: 44/60 precision @ 1 = 0.733
17-10-07 11:58-INFO->> 2017-10-07 11:58:16.766496 Step 91: true/total: 48/60 precision @ 1 = 0.800
17-10-07 11:58-INFO->> 2017-10-07 11:58:16.915296 Step 92: true/total: 53/60 precision @ 1 = 0.883
17-10-07 11:58-INFO->> 2017-10-07 11:58:17.066290 Step 93: true/total: 47/60 precision @ 1 = 0.783
17-10-07 11:58-INFO->> 2017-10-07 11:58:17.215565 Step 94: true/total: 47/60 precision @ 1 = 0.783
17-10-07 11:58-INFO->> 2017-10-07 11:58:17.366424 Step 95: true/total: 52/60 precision @ 1 = 0.867
17-10-07 11:58-INFO->> 2017-10-07 11:58:17.519714 Step 96: true/total: 48/60 precision @ 1 = 0.800
17-10-07 11:58-INFO->> 2017-10-07 11:58:17.671608 Step 97: true/total: 44/60 precision @ 1 = 0.733
17-10-07 11:58-INFO->> 2017-10-07 11:58:17.825193 Step 98: true/total: 48/60 precision @ 1 = 0.800
17-10-07 11:58-INFO->> 2017-10-07 11:58:17.982598 Step 99: true/total: 49/60 precision @ 1 = 0.817
17-10-07 11:58-INFO->> 2017-10-07 11:58:18.140048 Step 100: true/total: 45/60 precision @ 1 = 0.750
17-10-07 11:58-INFO->> 2017-10-07 11:58:18.291600 Step 101: true/total: 47/60 precision @ 1 = 0.783
17-10-07 11:58-INFO->> 2017-10-07 11:58:18.450215 Step 102: true/total: 44/60 precision @ 1 = 0.733
17-10-07 11:58-INFO->> 2017-10-07 11:58:18.601130 Step 103: true/total: 48/60 precision @ 1 = 0.800
17-10-07 11:58-INFO->> 2017-10-07 11:58:18.747281 Step 104: true/total: 42/60 precision @ 1 = 0.700
17-10-07 11:58-INFO->> 2017-10-07 11:58:18.894254 Step 105: true/total: 49/60 precision @ 1 = 0.817
17-10-07 11:58-INFO->> 2017-10-07 11:58:19.043323 Step 106: true/total: 48/60 precision @ 1 = 0.800
17-10-07 11:58-INFO->> 2017-10-07 11:58:19.192583 Step 107: true/total: 49/60 precision @ 1 = 0.817
17-10-07 11:58-INFO->> 2017-10-07 11:58:19.341980 Step 108: true/total: 43/60 precision @ 1 = 0.717
17-10-07 11:58-INFO->> 2017-10-07 11:58:19.490906 Step 109: true/total: 52/60 precision @ 1 = 0.867
17-10-07 11:58-INFO->> 2017-10-07 11:58:19.642155 Step 110: true/total: 46/60 precision @ 1 = 0.767
17-10-07 11:58-INFO->> 2017-10-07 11:58:19.789490 Step 111: true/total: 50/60 precision @ 1 = 0.833
17-10-07 11:58-INFO->> 2017-10-07 11:58:19.940385 Step 112: true/total: 45/60 precision @ 1 = 0.750
17-10-07 11:58-INFO->> 2017-10-07 11:58:20.087804 Step 113: true/total: 45/60 precision @ 1 = 0.750
17-10-07 11:58-INFO->> 2017-10-07 11:58:20.234909 Step 114: true/total: 48/60 precision @ 1 = 0.800
17-10-07 11:58-INFO->> 2017-10-07 11:58:20.386848 Step 115: true/total: 46/60 precision @ 1 = 0.767
17-10-07 11:58-INFO->> 2017-10-07 11:58:20.534220 Step 116: true/total: 48/60 precision @ 1 = 0.800
17-10-07 11:58-INFO->> 2017-10-07 11:58:20.689269 Step 117: true/total: 48/60 precision @ 1 = 0.800
17-10-07 11:58-INFO->> 2017-10-07 11:58:20.840791 Step 118: true/total: 48/60 precision @ 1 = 0.800
17-10-07 11:58-INFO->> 2017-10-07 11:58:20.989345 Step 119: true/total: 53/60 precision @ 1 = 0.883
17-10-07 11:58-INFO->> 2017-10-07 11:58:21.143691 Step 120: true/total: 50/60 precision @ 1 = 0.833
17-10-07 11:58-INFO->> 2017-10-07 11:58:21.293157 Step 121: true/total: 45/60 precision @ 1 = 0.750
17-10-07 11:58-INFO->> 2017-10-07 11:58:21.442501 Step 122: true/total: 50/60 precision @ 1 = 0.833
17-10-07 11:58-INFO->> 2017-10-07 11:58:21.598312 Step 123: true/total: 52/60 precision @ 1 = 0.867
17-10-07 11:58-INFO->> 2017-10-07 11:58:21.750888 Step 124: true/total: 51/60 precision @ 1 = 0.850
17-10-07 11:58-INFO->> 2017-10-07 11:58:21.904842 Step 125: true/total: 47/60 precision @ 1 = 0.783
17-10-07 11:58-INFO->> 2017-10-07 11:58:22.058190 Step 126: true/total: 41/60 precision @ 1 = 0.683
17-10-07 11:58-INFO->> 2017-10-07 11:58:22.212221 Step 127: true/total: 47/60 precision @ 1 = 0.783
17-10-07 11:58-INFO->> 2017-10-07 11:58:22.365948 Step 128: true/total: 50/60 precision @ 1 = 0.833
17-10-07 11:58-INFO->> 2017-10-07 11:58:22.518549 Step 129: true/total: 48/60 precision @ 1 = 0.800
17-10-07 11:58-INFO->> 2017-10-07 11:58:22.678001 Step 130: true/total: 48/60 precision @ 1 = 0.800
17-10-07 11:58-INFO->> 2017-10-07 11:58:22.830607 Step 131: true/total: 52/60 precision @ 1 = 0.867
17-10-07 11:58-INFO->> 2017-10-07 11:58:22.988007 Step 132: true/total: 51/60 precision @ 1 = 0.850
17-10-07 11:58-INFO->> 2017-10-07 11:58:23.138418 Step 133: true/total: 47/60 precision @ 1 = 0.783
17-10-07 11:58-INFO->> 2017-10-07 11:58:23.288298 Step 134: true/total: 45/60 precision @ 1 = 0.750
17-10-07 11:58-INFO->> 2017-10-07 11:58:23.437146 Step 135: true/total: 46/60 precision @ 1 = 0.767
17-10-07 11:58-INFO->> 2017-10-07 11:58:23.589997 Step 136: true/total: 46/60 precision @ 1 = 0.767
17-10-07 11:58-INFO->> 2017-10-07 11:58:23.737153 Step 137: true/total: 49/60 precision @ 1 = 0.817
17-10-07 11:58-INFO->> 2017-10-07 11:58:23.885851 Step 138: true/total: 50/60 precision @ 1 = 0.833
17-10-07 11:58-INFO->> 2017-10-07 11:58:24.032723 Step 139: true/total: 53/60 precision @ 1 = 0.883
17-10-07 11:58-INFO->> 2017-10-07 11:58:24.181365 Step 140: true/total: 52/60 precision @ 1 = 0.867
17-10-07 11:58-INFO->> 2017-10-07 11:58:24.335323 Step 141: true/total: 48/60 precision @ 1 = 0.800
17-10-07 11:58-INFO->> 2017-10-07 11:58:24.484157 Step 142: true/total: 49/60 precision @ 1 = 0.817
17-10-07 11:58-INFO->> 2017-10-07 11:58:24.633447 Step 143: true/total: 47/60 precision @ 1 = 0.783
17-10-07 11:58-INFO->> 2017-10-07 11:58:24.788584 Step 144: true/total: 46/60 precision @ 1 = 0.767
17-10-07 11:58-INFO->> 2017-10-07 11:58:24.938224 Step 145: true/total: 42/60 precision @ 1 = 0.700
17-10-07 11:58-INFO->> 2017-10-07 11:58:25.093792 Step 146: true/total: 49/60 precision @ 1 = 0.817
17-10-07 11:58-INFO->> 2017-10-07 11:58:25.251630 Step 147: true/total: 50/60 precision @ 1 = 0.833
17-10-07 11:58-INFO->> 2017-10-07 11:58:25.412418 Step 148: true/total: 53/60 precision @ 1 = 0.883
17-10-07 11:58-INFO->> 2017-10-07 11:58:25.571944 Step 149: true/total: 43/60 precision @ 1 = 0.717
17-10-07 11:58-INFO->> 2017-10-07 11:58:25.731971 Step 150: true/total: 50/60 precision @ 1 = 0.833
17-10-07 11:58-INFO->> 2017-10-07 11:58:25.890322 Step 151: true/total: 48/60 precision @ 1 = 0.800
17-10-07 11:58-INFO->> 2017-10-07 11:58:26.051142 Step 152: true/total: 56/60 precision @ 1 = 0.933
17-10-07 11:58-INFO->> 2017-10-07 11:58:26.204385 Step 153: true/total: 44/60 precision @ 1 = 0.733
17-10-07 11:58-INFO->> 2017-10-07 11:58:26.353641 Step 154: true/total: 43/60 precision @ 1 = 0.717
17-10-07 11:58-INFO->> 2017-10-07 11:58:26.503062 Step 155: true/total: 41/60 precision @ 1 = 0.683
17-10-07 11:58-INFO->> 2017-10-07 11:58:26.658958 Step 156: true/total: 53/60 precision @ 1 = 0.883
17-10-07 11:58-INFO->> 2017-10-07 11:58:26.817534 Step 157: true/total: 46/60 precision @ 1 = 0.767
17-10-07 11:58-INFO->> 2017-10-07 11:58:26.973839 Step 158: true/total: 54/60 precision @ 1 = 0.900
17-10-07 11:58-INFO->> 2017-10-07 11:58:27.133123 Step 159: true/total: 53/60 precision @ 1 = 0.883
17-10-07 11:58-INFO->> 2017-10-07 11:58:27.291851 Step 160: true/total: 47/60 precision @ 1 = 0.783
17-10-07 11:58-INFO->> 2017-10-07 11:58:27.448822 Step 161: true/total: 49/60 precision @ 1 = 0.817
17-10-07 11:58-INFO->> 2017-10-07 11:58:27.604029 Step 162: true/total: 48/60 precision @ 1 = 0.800
17-10-07 11:58-INFO->> 2017-10-07 11:58:27.764113 Step 163: true/total: 48/60 precision @ 1 = 0.800
17-10-07 11:58-INFO->> 2017-10-07 11:58:27.921642 Step 164: true/total: 47/60 precision @ 1 = 0.783
17-10-07 11:58-INFO->> 2017-10-07 11:58:28.079423 Step 165: true/total: 48/60 precision @ 1 = 0.800
17-10-07 11:58-INFO->> 2017-10-07 11:58:28.244204 Step 166: true/total: 47/60 precision @ 1 = 0.783
17-10-07 11:58-INFO->> 2017-10-07 11:58:28.402932 Step 167: true/total: 48/60 precision @ 1 = 0.800
17-10-07 11:58-INFO->> 2017-10-07 11:58:28.560536 Step 168: true/total: 52/60 precision @ 1 = 0.867
17-10-07 11:58-INFO->> 2017-10-07 11:58:28.720678 Step 169: true/total: 47/60 precision @ 1 = 0.783
17-10-07 11:58-INFO->> 2017-10-07 11:58:28.880663 Step 170: true/total: 49/60 precision @ 1 = 0.817
17-10-07 11:58-INFO->> 2017-10-07 11:58:29.038418 Step 171: true/total: 46/60 precision @ 1 = 0.767
17-10-07 11:58-INFO->> 2017-10-07 11:58:29.201449 Step 172: true/total: 47/60 precision @ 1 = 0.783
17-10-07 11:58-INFO->> 2017-10-07 11:58:29.367885 Step 173: true/total: 50/60 precision @ 1 = 0.833
17-10-07 11:58-INFO->> 2017-10-07 11:58:29.522679 Step 174: true/total: 48/60 precision @ 1 = 0.800
17-10-07 11:58-INFO->> 2017-10-07 11:58:29.685054 Step 175: true/total: 46/60 precision @ 1 = 0.767
17-10-07 11:58-INFO->> 2017-10-07 11:58:29.832004 Step 176: true/total: 46/60 precision @ 1 = 0.767
17-10-07 11:58-INFO->> 2017-10-07 11:58:29.980777 Step 177: true/total: 47/60 precision @ 1 = 0.783
17-10-07 11:58-INFO->> 2017-10-07 11:58:30.128832 Step 178: true/total: 47/60 precision @ 1 = 0.783
17-10-07 11:58-INFO->> 2017-10-07 11:58:30.279641 Step 179: true/total: 49/60 precision @ 1 = 0.817
17-10-07 11:58-INFO->> 2017-10-07 11:58:30.435010 Step 180: true/total: 48/60 precision @ 1 = 0.800
17-10-07 11:58-INFO->> 2017-10-07 11:58:30.583233 Step 181: true/total: 54/60 precision @ 1 = 0.900
17-10-07 11:58-INFO->> 2017-10-07 11:58:30.731783 Step 182: true/total: 41/60 precision @ 1 = 0.683
17-10-07 11:58-INFO->> 2017-10-07 11:58:30.884131 Step 183: true/total: 51/60 precision @ 1 = 0.850
17-10-07 11:58-INFO->> 2017-10-07 11:58:31.035588 Step 184: true/total: 45/60 precision @ 1 = 0.750
17-10-07 11:58-INFO->> 2017-10-07 11:58:31.183378 Step 185: true/total: 46/60 precision @ 1 = 0.767
17-10-07 11:58-INFO->> 2017-10-07 11:58:31.328513 Step 186: true/total: 52/60 precision @ 1 = 0.867
17-10-07 11:58-INFO->> 2017-10-07 11:58:31.475166 Step 187: true/total: 44/60 precision @ 1 = 0.733
17-10-07 11:58-INFO->> 2017-10-07 11:58:31.622596 Step 188: true/total: 42/60 precision @ 1 = 0.700
17-10-07 11:58-INFO->> 2017-10-07 11:58:31.770761 Step 189: true/total: 45/60 precision @ 1 = 0.750
17-10-07 11:58-INFO->> 2017-10-07 11:58:31.919088 Step 190: true/total: 46/60 precision @ 1 = 0.767
17-10-07 11:58-INFO->> 2017-10-07 11:58:32.067826 Step 191: true/total: 45/60 precision @ 1 = 0.750
17-10-07 11:58-INFO->> 2017-10-07 11:58:32.216342 Step 192: true/total: 48/60 precision @ 1 = 0.800
17-10-07 11:58-INFO->> 2017-10-07 11:58:32.365457 Step 193: true/total: 46/60 precision @ 1 = 0.767
17-10-07 11:58-INFO->> 2017-10-07 11:58:32.510708 Step 194: true/total: 46/60 precision @ 1 = 0.767
17-10-07 11:58-INFO->> 2017-10-07 11:58:32.657097 Step 195: true/total: 46/60 precision @ 1 = 0.767
17-10-07 11:58-INFO->> 2017-10-07 11:58:32.804953 Step 196: true/total: 53/60 precision @ 1 = 0.883
17-10-07 11:58-INFO->> 2017-10-07 11:58:32.956815 Step 197: true/total: 45/60 precision @ 1 = 0.750
17-10-07 11:58-INFO->> 2017-10-07 11:58:33.106482 Step 198: true/total: 49/60 precision @ 1 = 0.817
17-10-07 11:58-INFO->> 2017-10-07 11:58:33.255330 Step 199: true/total: 48/60 precision @ 1 = 0.800
17-10-07 11:58-INFO->> 2017-10-07 11:58:33.407721 Step 200: true/total: 50/60 precision @ 1 = 0.833
17-10-07 11:58-INFO->> 2017-10-07 11:58:33.556716 Step 201: true/total: 45/60 precision @ 1 = 0.750
17-10-07 11:58-INFO->> 2017-10-07 11:58:33.706255 Step 202: true/total: 45/60 precision @ 1 = 0.750
17-10-07 11:58-INFO->> 2017-10-07 11:58:33.855411 Step 203: true/total: 49/60 precision @ 1 = 0.817
17-10-07 11:58-INFO->> 2017-10-07 11:58:34.003261 Step 204: true/total: 46/60 precision @ 1 = 0.767
17-10-07 11:58-INFO->> 2017-10-07 11:58:34.148505 Step 205: true/total: 51/60 precision @ 1 = 0.850
17-10-07 11:58-INFO->> 2017-10-07 11:58:34.297981 Step 206: true/total: 46/60 precision @ 1 = 0.767
17-10-07 11:58-INFO->> 2017-10-07 11:58:34.447803 Step 207: true/total: 52/60 precision @ 1 = 0.867
17-10-07 11:58-INFO->> 2017-10-07 11:58:34.593935 Step 208: true/total: 50/60 precision @ 1 = 0.833
17-10-07 11:58-INFO->> 2017-10-07 11:58:34.741706 Step 209: true/total: 50/60 precision @ 1 = 0.833
17-10-07 11:58-INFO->> 2017-10-07 11:58:34.890631 Step 210: true/total: 46/60 precision @ 1 = 0.767
17-10-07 11:58-INFO->> 2017-10-07 11:58:35.036634 Step 211: true/total: 50/60 precision @ 1 = 0.833
17-10-07 11:58-INFO->> 2017-10-07 11:58:35.183076 Step 212: true/total: 48/60 precision @ 1 = 0.800
17-10-07 11:58-INFO->> 2017-10-07 11:58:35.330562 Step 213: true/total: 49/60 precision @ 1 = 0.817
17-10-07 11:58-INFO->> 2017-10-07 11:58:35.480015 Step 214: true/total: 51/60 precision @ 1 = 0.850
17-10-07 11:58-INFO->> 2017-10-07 11:58:35.626646 Step 215: true/total: 53/60 precision @ 1 = 0.883
17-10-07 11:58-INFO->> 2017-10-07 11:58:35.775997 Step 216: true/total: 48/60 precision @ 1 = 0.800
17-10-07 11:58-INFO->> 2017-10-07 11:58:35.924337 Step 217: true/total: 51/60 precision @ 1 = 0.850
17-10-07 11:58-INFO->> 2017-10-07 11:58:36.073080 Step 218: true/total: 43/60 precision @ 1 = 0.717
17-10-07 11:58-INFO->> 2017-10-07 11:58:36.222995 Step 219: true/total: 48/60 precision @ 1 = 0.800
17-10-07 11:58-INFO->> 2017-10-07 11:58:36.373258 Step 220: true/total: 51/60 precision @ 1 = 0.850
17-10-07 11:58-INFO->> 2017-10-07 11:58:36.520484 Step 221: true/total: 49/60 precision @ 1 = 0.817
17-10-07 11:58-INFO->> 2017-10-07 11:58:36.672281 Step 222: true/total: 50/60 precision @ 1 = 0.833
17-10-07 11:58-INFO->> 2017-10-07 11:58:36.820038 Step 223: true/total: 50/60 precision @ 1 = 0.833
17-10-07 11:58-INFO->> 2017-10-07 11:58:36.968352 Step 224: true/total: 48/60 precision @ 1 = 0.800
17-10-07 11:58-INFO->> 2017-10-07 11:58:37.115523 Step 225: true/total: 49/60 precision @ 1 = 0.817
17-10-07 11:58-INFO->> 2017-10-07 11:58:37.267774 Step 226: true/total: 50/60 precision @ 1 = 0.833
17-10-07 11:58-INFO->> 2017-10-07 11:58:37.415974 Step 227: true/total: 47/60 precision @ 1 = 0.783
17-10-07 11:58-INFO->> 2017-10-07 11:58:37.564577 Step 228: true/total: 48/60 precision @ 1 = 0.800
17-10-07 11:58-INFO->> 2017-10-07 11:58:37.714953 Step 229: true/total: 46/60 precision @ 1 = 0.767
17-10-07 11:58-INFO->> 2017-10-07 11:58:37.863566 Step 230: true/total: 52/60 precision @ 1 = 0.867
17-10-07 11:58-INFO->> 2017-10-07 11:58:38.009666 Step 231: true/total: 46/60 precision @ 1 = 0.767
17-10-07 11:58-INFO->> 2017-10-07 11:58:38.159676 Step 232: true/total: 50/60 precision @ 1 = 0.833
17-10-07 11:58-INFO->> 2017-10-07 11:58:38.309333 Step 233: true/total: 53/60 precision @ 1 = 0.883
17-10-07 11:58-INFO->> 2017-10-07 11:58:38.461804 Step 234: true/total: 49/60 precision @ 1 = 0.817
17-10-07 11:58-INFO->> 2017-10-07 11:58:38.609030 Step 235: true/total: 50/60 precision @ 1 = 0.833
17-10-07 11:58-INFO->> 2017-10-07 11:58:38.766328 Step 236: true/total: 49/60 precision @ 1 = 0.817
17-10-07 11:58-INFO->> 2017-10-07 11:58:38.916989 Step 237: true/total: 51/60 precision @ 1 = 0.850
17-10-07 11:58-INFO->> 2017-10-07 11:58:39.066158 Step 238: true/total: 42/60 precision @ 1 = 0.700
17-10-07 11:58-INFO->> 2017-10-07 11:58:39.216774 Step 239: true/total: 49/60 precision @ 1 = 0.817
17-10-07 11:58-INFO->> 2017-10-07 11:58:39.363098 Step 240: true/total: 48/60 precision @ 1 = 0.800
17-10-07 11:58-INFO->> 2017-10-07 11:58:39.514068 Step 241: true/total: 47/60 precision @ 1 = 0.783
17-10-07 11:58-INFO->> 2017-10-07 11:58:39.661751 Step 242: true/total: 48/60 precision @ 1 = 0.800
17-10-07 11:58-INFO->> 2017-10-07 11:58:39.813053 Step 243: true/total: 48/60 precision @ 1 = 0.800
17-10-07 11:58-INFO->> 2017-10-07 11:58:39.959289 Step 244: true/total: 46/60 precision @ 1 = 0.767
17-10-07 11:58-INFO->> 2017-10-07 11:58:40.108278 Step 245: true/total: 46/60 precision @ 1 = 0.767
17-10-07 11:58-INFO->> 2017-10-07 11:58:40.259827 Step 246: true/total: 50/60 precision @ 1 = 0.833
17-10-07 11:58-INFO->> 2017-10-07 11:58:40.409561 Step 247: true/total: 52/60 precision @ 1 = 0.867
17-10-07 11:58-INFO->> 2017-10-07 11:58:40.557258 Step 248: true/total: 44/60 precision @ 1 = 0.733
17-10-07 11:58-INFO->> 2017-10-07 11:58:40.709106 Step 249: true/total: 45/60 precision @ 1 = 0.750
17-10-07 11:58-INFO->> 2017-10-07 11:58:40.854887 Step 250: true/total: 50/60 precision @ 1 = 0.833
17-10-07 11:58-INFO->> 2017-10-07 11:58:41.003969 Step 251: true/total: 53/60 precision @ 1 = 0.883
17-10-07 11:58-INFO->> 2017-10-07 11:58:41.155629 Step 252: true/total: 48/60 precision @ 1 = 0.800
17-10-07 11:58-INFO->> 2017-10-07 11:58:41.303820 Step 253: true/total: 52/60 precision @ 1 = 0.867
17-10-07 11:58-INFO->> 2017-10-07 11:58:41.457140 Step 254: true/total: 41/60 precision @ 1 = 0.683
17-10-07 11:58-INFO->> 2017-10-07 11:58:41.605197 Step 255: true/total: 50/60 precision @ 1 = 0.833
17-10-07 11:58-INFO->> 2017-10-07 11:58:41.754303 Step 256: true/total: 40/60 precision @ 1 = 0.667
17-10-07 11:58-INFO->> 2017-10-07 11:58:41.908168 Step 257: true/total: 44/60 precision @ 1 = 0.733
17-10-07 11:58-INFO->> 2017-10-07 11:58:42.055838 Step 258: true/total: 48/60 precision @ 1 = 0.800
17-10-07 11:58-INFO->> 2017-10-07 11:58:42.212510 Step 259: true/total: 56/60 precision @ 1 = 0.933
17-10-07 11:58-INFO->> 2017-10-07 11:58:42.360219 Step 260: true/total: 49/60 precision @ 1 = 0.817
17-10-07 11:58-INFO->> 2017-10-07 11:58:42.507254 Step 261: true/total: 52/60 precision @ 1 = 0.867
17-10-07 11:58-INFO->> 2017-10-07 11:58:42.654067 Step 262: true/total: 45/60 precision @ 1 = 0.750
17-10-07 11:58-INFO->> 2017-10-07 11:58:42.802847 Step 263: true/total: 48/60 precision @ 1 = 0.800
17-10-07 11:58-INFO->> 2017-10-07 11:58:42.955741 Step 264: true/total: 47/60 precision @ 1 = 0.783
17-10-07 11:58-INFO->> 2017-10-07 11:58:43.103982 Step 265: true/total: 51/60 precision @ 1 = 0.850
17-10-07 11:58-INFO->> 2017-10-07 11:58:43.255324 Step 266: true/total: 51/60 precision @ 1 = 0.850
17-10-07 11:58-INFO->> 2017-10-07 11:58:43.402579 Step 267: true/total: 44/60 precision @ 1 = 0.733
17-10-07 11:58-INFO->> 2017-10-07 11:58:43.549941 Step 268: true/total: 47/60 precision @ 1 = 0.783
17-10-07 11:58-INFO->> 2017-10-07 11:58:43.697973 Step 269: true/total: 47/60 precision @ 1 = 0.783
17-10-07 11:58-INFO->> 2017-10-07 11:58:43.849780 Step 270: true/total: 48/60 precision @ 1 = 0.800
17-10-07 11:58-INFO->> 2017-10-07 11:58:44.000171 Step 271: true/total: 53/60 precision @ 1 = 0.883
17-10-07 11:58-INFO->> 2017-10-07 11:58:44.152182 Step 272: true/total: 49/60 precision @ 1 = 0.817
17-10-07 11:58-INFO->> 2017-10-07 11:58:44.306844 Step 273: true/total: 46/60 precision @ 1 = 0.767
17-10-07 11:58-INFO->> 2017-10-07 11:58:44.453479 Step 274: true/total: 53/60 precision @ 1 = 0.883
17-10-07 11:58-INFO->> 2017-10-07 11:58:44.610341 Step 275: true/total: 47/60 precision @ 1 = 0.783
17-10-07 11:58-INFO->> 2017-10-07 11:58:44.761542 Step 276: true/total: 50/60 precision @ 1 = 0.833
17-10-07 11:58-INFO->> 2017-10-07 11:58:44.908732 Step 277: true/total: 47/60 precision @ 1 = 0.783
17-10-07 11:58-INFO->> 2017-10-07 11:58:45.059333 Step 278: true/total: 48/60 precision @ 1 = 0.800
17-10-07 11:58-INFO->> 2017-10-07 11:58:45.203621 Step 279: true/total: 43/60 precision @ 1 = 0.717
17-10-07 11:58-INFO->> 2017-10-07 11:58:45.352582 Step 280: true/total: 47/60 precision @ 1 = 0.783
17-10-07 11:58-INFO->> 2017-10-07 11:58:45.503017 Step 281: true/total: 48/60 precision @ 1 = 0.800
17-10-07 11:58-INFO->> 2017-10-07 11:58:45.652187 Step 282: true/total: 47/60 precision @ 1 = 0.783
17-10-07 11:58-INFO->> 2017-10-07 11:58:45.801846 Step 283: true/total: 49/60 precision @ 1 = 0.817
17-10-07 11:58-INFO->> 2017-10-07 11:58:45.950022 Step 284: true/total: 49/60 precision @ 1 = 0.817
17-10-07 11:58-INFO->> 2017-10-07 11:58:46.099494 Step 285: true/total: 46/60 precision @ 1 = 0.767
17-10-07 11:58-INFO->> 2017-10-07 11:58:46.248720 Step 286: true/total: 48/60 precision @ 1 = 0.800
17-10-07 11:58-INFO->> 2017-10-07 11:58:46.395828 Step 287: true/total: 51/60 precision @ 1 = 0.850
17-10-07 11:58-INFO->> 2017-10-07 11:58:46.550294 Step 288: true/total: 42/60 precision @ 1 = 0.700
17-10-07 11:58-INFO->> 2017-10-07 11:58:46.710995 Step 289: true/total: 46/60 precision @ 1 = 0.767
17-10-07 11:58-INFO->> 2017-10-07 11:58:46.859821 Step 290: true/total: 49/60 precision @ 1 = 0.817
17-10-07 11:58-INFO->> 2017-10-07 11:58:47.012060 Step 291: true/total: 43/60 precision @ 1 = 0.717
17-10-07 11:58-INFO->> 2017-10-07 11:58:47.160627 Step 292: true/total: 46/60 precision @ 1 = 0.767
17-10-07 11:58-INFO->> 2017-10-07 11:58:47.316529 Step 293: true/total: 51/60 precision @ 1 = 0.850
17-10-07 11:58-INFO->> 2017-10-07 11:58:47.467765 Step 294: true/total: 52/60 precision @ 1 = 0.867
17-10-07 11:58-INFO->> 2017-10-07 11:58:47.618259 Step 295: true/total: 46/60 precision @ 1 = 0.767
17-10-07 11:58-INFO->> 2017-10-07 11:58:47.766133 Step 296: true/total: 46/60 precision @ 1 = 0.767
17-10-07 11:58-INFO->> 2017-10-07 11:58:47.913310 Step 297: true/total: 50/60 precision @ 1 = 0.833
17-10-07 11:58-INFO->> 2017-10-07 11:58:48.063482 Step 298: true/total: 47/60 precision @ 1 = 0.783
17-10-07 11:58-INFO->> 2017-10-07 11:58:48.211165 Step 299: true/total: 47/60 precision @ 1 = 0.783
17-10-07 11:58-INFO->> 2017-10-07 11:58:48.361414 Step 300: true/total: 48/60 precision @ 1 = 0.800
17-10-07 11:58-INFO->> 2017-10-07 11:58:48.510586 Step 301: true/total: 46/60 precision @ 1 = 0.767
17-10-07 11:58-INFO->> 2017-10-07 11:58:48.659450 Step 302: true/total: 47/60 precision @ 1 = 0.783
17-10-07 11:58-INFO->> 2017-10-07 11:58:48.809378 Step 303: true/total: 51/60 precision @ 1 = 0.850
17-10-07 11:58-INFO->> 2017-10-07 11:58:48.957897 Step 304: true/total: 40/60 precision @ 1 = 0.667
17-10-07 11:58-INFO->> 2017-10-07 11:58:49.107560 Step 305: true/total: 47/60 precision @ 1 = 0.783
17-10-07 11:58-INFO->> 2017-10-07 11:58:49.253245 Step 306: true/total: 47/60 precision @ 1 = 0.783
17-10-07 11:58-INFO->> 2017-10-07 11:58:49.401421 Step 307: true/total: 47/60 precision @ 1 = 0.783
17-10-07 11:58-INFO->> 2017-10-07 11:58:49.546139 Step 308: true/total: 49/60 precision @ 1 = 0.817
17-10-07 11:58-INFO->> 2017-10-07 11:58:49.695147 Step 309: true/total: 50/60 precision @ 1 = 0.833
17-10-07 11:58-INFO->> 2017-10-07 11:58:49.844491 Step 310: true/total: 49/60 precision @ 1 = 0.817
17-10-07 11:58-INFO->> 2017-10-07 11:58:49.995594 Step 311: true/total: 51/60 precision @ 1 = 0.850
17-10-07 11:58-INFO->> 2017-10-07 11:58:50.149319 Step 312: true/total: 53/60 precision @ 1 = 0.883
17-10-07 11:58-INFO->> 2017-10-07 11:58:50.302912 Step 313: true/total: 49/60 precision @ 1 = 0.817
17-10-07 11:58-INFO->> 2017-10-07 11:58:50.449764 Step 314: true/total: 49/60 precision @ 1 = 0.817
17-10-07 11:58-INFO->> 2017-10-07 11:58:50.601931 Step 315: true/total: 46/60 precision @ 1 = 0.767
17-10-07 11:58-INFO->> 2017-10-07 11:58:50.746752 Step 316: true/total: 47/60 precision @ 1 = 0.783
17-10-07 11:58-INFO->> 2017-10-07 11:58:50.892731 Step 317: true/total: 43/60 precision @ 1 = 0.717
17-10-07 11:58-INFO->> 2017-10-07 11:58:51.046556 Step 318: true/total: 54/60 precision @ 1 = 0.900
17-10-07 11:58-INFO->> 2017-10-07 11:58:51.195733 Step 319: true/total: 50/60 precision @ 1 = 0.833
17-10-07 11:58-INFO->> 2017-10-07 11:58:51.347530 Step 320: true/total: 49/60 precision @ 1 = 0.817
17-10-07 11:58-INFO->> 2017-10-07 11:58:51.495628 Step 321: true/total: 48/60 precision @ 1 = 0.800
17-10-07 11:58-INFO->> 2017-10-07 11:58:51.648510 Step 322: true/total: 47/60 precision @ 1 = 0.783
17-10-07 11:58-INFO->> 2017-10-07 11:58:51.801863 Step 323: true/total: 50/60 precision @ 1 = 0.833
17-10-07 11:58-INFO->> 2017-10-07 11:58:51.948650 Step 324: true/total: 54/60 precision @ 1 = 0.900
17-10-07 11:58-INFO->> 2017-10-07 11:58:52.095496 Step 325: true/total: 55/60 precision @ 1 = 0.917
17-10-07 11:58-INFO->> 2017-10-07 11:58:52.242222 Step 326: true/total: 48/60 precision @ 1 = 0.800
17-10-07 11:58-INFO->> 2017-10-07 11:58:52.389121 Step 327: true/total: 45/60 precision @ 1 = 0.750
17-10-07 11:58-INFO->> 2017-10-07 11:58:52.535795 Step 328: true/total: 49/60 precision @ 1 = 0.817
17-10-07 11:58-INFO->> 2017-10-07 11:58:52.690559 Step 329: true/total: 46/60 precision @ 1 = 0.767
17-10-07 11:58-INFO->> 2017-10-07 11:58:52.837371 Step 330: true/total: 49/60 precision @ 1 = 0.817
17-10-07 11:58-INFO->> 2017-10-07 11:58:52.985680 Step 331: true/total: 48/60 precision @ 1 = 0.800
17-10-07 11:58-INFO->> 2017-10-07 11:58:53.139202 Step 332: true/total: 53/60 precision @ 1 = 0.883
17-10-07 11:58-INFO->> 2017-10-07 11:58:53.289540 Step 333: true/total: 41/60 precision @ 1 = 0.683
17-10-07 11:58-INFO->> 2017-10-07 11:58:53.292217 true/total: 16097/20040 precision @ 1 = 0.803
17-10-07 12:08-INFO-Restoring parameters from ./checkpoint/model.ckpt-114600
17-10-07 12:12-INFO-Restoring parameters from ./checkpoint/model.ckpt-120146
